E:/Designs/Javad_works/SyringePump/Firmware/SyringePumpUi_EVB/LVGL/lvgl/src/core/lv_disp.h:191:26:lv_layer_top	8	static
E:/Designs/Javad_works/SyringePump/Firmware/SyringePumpUi_EVB/LVGL/lvgl/src/lv_api_map.h:55:20:lv_obj_move_foreground	24	static
E:/Designs/Javad_works/SyringePump/Firmware/SyringePumpUi_EVB/LVGL/lvgl/src/lv_api_map.h:67:20:lv_obj_move_background	16	static
../Core/Src/Lvgl_Ui/generated/widgets_init.c:16:30:kb_event_cb	40	static
../Core/Src/Lvgl_Ui/generated/widgets_init.c:32:30:ta_event_cb	32	static
../Core/Src/Lvgl_Ui/generated/widgets_init.c:112:6:MainScreen_digital_clock_timer	32	static
../Core/Src/Lvgl_Ui/generated/widgets_init.c:122:6:MainScreen_datetext_event_handler	32	static
../Core/Src/Lvgl_Ui/generated/widgets_init.c:134:6:MainScreen_datetext_init_calendar	48	static
../Core/Src/Lvgl_Ui/generated/widgets_init.c:160:6:MainScreen_datetext_calendar_event_handler	56	static
../Core/Src/Lvgl_Ui/generated/widgets_init.c:178:6:lv_MainScreen_spinboxSyringeVolume_increment_event_cb	24	static
../Core/Src/Lvgl_Ui/generated/widgets_init.c:185:6:lv_MainScreen_spinboxSyringeVolume_decrement_event_cb	24	static
../Core/Src/Lvgl_Ui/generated/widgets_init.c:192:6:lv_MainScreen_spinboxSyringeInnerDia_increment_event_cb	24	static
../Core/Src/Lvgl_Ui/generated/widgets_init.c:199:6:lv_MainScreen_spinboxSyringeInnerDia_decrement_event_cb	24	static
../Core/Src/Lvgl_Ui/generated/widgets_init.c:206:6:lv_MainScreen_spinboxSyringeOuterDia_increment_event_cb	24	static
../Core/Src/Lvgl_Ui/generated/widgets_init.c:213:6:lv_MainScreen_spinboxSyringeOuterDia_decrement_event_cb	24	static
../Core/Src/Lvgl_Ui/generated/widgets_init.c:220:6:lv_MainScreen_spinboxSyringeBarrelLen_increment_event_cb	24	static
../Core/Src/Lvgl_Ui/generated/widgets_init.c:227:6:lv_MainScreen_spinboxSyringeBarrelLen_decrement_event_cb	24	static
../Core/Src/Lvgl_Ui/generated/widgets_init.c:234:6:lv_MainScreen_spinboxSyringePlungerLen_increment_event_cb	24	static
../Core/Src/Lvgl_Ui/generated/widgets_init.c:241:6:lv_MainScreen_spinboxSyringePlungerLen_decrement_event_cb	24	static
../Core/Src/Lvgl_Ui/generated/widgets_init.c:248:6:lv_MainScreen_spinboxSyringeDiaTolerance_increment_event_cb	24	static
../Core/Src/Lvgl_Ui/generated/widgets_init.c:255:6:lv_MainScreen_spinboxSyringeDiaTolerance_decrement_event_cb	24	static
../Core/Src/Lvgl_Ui/generated/widgets_init.c:262:6:lv_MainScreen_spinboxDrugmgml_increment_event_cb	24	static
../Core/Src/Lvgl_Ui/generated/widgets_init.c:269:6:lv_MainScreen_spinboxDrugmgml_decrement_event_cb	24	static
../Core/Src/Lvgl_Ui/generated/widgets_init.c:276:6:lv_MainScreen_spinboxDruguml_increment_event_cb	24	static
../Core/Src/Lvgl_Ui/generated/widgets_init.c:283:6:lv_MainScreen_spinboxDruguml_decrement_event_cb	24	static
../Core/Src/Lvgl_Ui/generated/widgets_init.c:290:6:lv_MainScreen_spinboxDrugperkg_increment_event_cb	24	static
../Core/Src/Lvgl_Ui/generated/widgets_init.c:297:6:lv_MainScreen_spinboxDrugperkg_decrement_event_cb	24	static
../Core/Src/Lvgl_Ui/generated/widgets_init.c:304:6:lv_MainScreen_spinboxDrugRateMin_increment_event_cb	24	static
../Core/Src/Lvgl_Ui/generated/widgets_init.c:311:6:lv_MainScreen_spinboxDrugRateMin_decrement_event_cb	24	static
../Core/Src/Lvgl_Ui/generated/widgets_init.c:318:6:lv_MainScreen_spinboxDrugRateMax_increment_event_cb	24	static
../Core/Src/Lvgl_Ui/generated/widgets_init.c:325:6:lv_MainScreen_spinboxDrugRateMax_decrement_event_cb	24	static
../Core/Src/Lvgl_Ui/generated/widgets_init.c:332:6:lv_MainScreen_spinboxDrugRateDef_increment_event_cb	24	static
../Core/Src/Lvgl_Ui/generated/widgets_init.c:339:6:lv_MainScreen_spinboxDrugRateDef_decrement_event_cb	24	static
../Core/Src/Lvgl_Ui/generated/widgets_init.c:346:6:lv_MainScreen_spinboxModeBodyWeight_increment_event_cb	24	static
../Core/Src/Lvgl_Ui/generated/widgets_init.c:353:6:lv_MainScreen_spinboxModeBodyWeight_decrement_event_cb	24	static
../Core/Src/Lvgl_Ui/generated/widgets_init.c:360:6:lv_MainScreen_spinboxModeInfusionRate_increment_event_cb	24	static
../Core/Src/Lvgl_Ui/generated/widgets_init.c:367:6:lv_MainScreen_spinboxModeInfusionRate_decrement_event_cb	24	static
../Core/Src/Lvgl_Ui/generated/widgets_init.c:374:6:lv_MainScreen_spinboxModeTotalTimeHour_increment_event_cb	24	static
../Core/Src/Lvgl_Ui/generated/widgets_init.c:381:6:lv_MainScreen_spinboxModeTotalTimeHour_decrement_event_cb	24	static
../Core/Src/Lvgl_Ui/generated/widgets_init.c:388:6:lv_MainScreen_spinboxModeTotalTimeMinute_increment_event_cb	24	static
../Core/Src/Lvgl_Ui/generated/widgets_init.c:395:6:lv_MainScreen_spinboxModeTotalTimeMinute_decrement_event_cb	24	static
../Core/Src/Lvgl_Ui/generated/widgets_init.c:402:6:lv_MainScreen_spinboxModeTotalTimeSecond_increment_event_cb	24	static
../Core/Src/Lvgl_Ui/generated/widgets_init.c:409:6:lv_MainScreen_spinboxModeTotalTimeSecond_decrement_event_cb	24	static
../Core/Src/Lvgl_Ui/generated/widgets_init.c:416:6:lv_MainScreen_spinboxModeTotalVolume_increment_event_cb	24	static
../Core/Src/Lvgl_Ui/generated/widgets_init.c:423:6:lv_MainScreen_spinboxModeTotalVolume_decrement_event_cb	24	static
../Core/Src/Lvgl_Ui/generated/widgets_init.c:430:6:lv_MainScreen_spinboxKVORate_increment_event_cb	24	static
../Core/Src/Lvgl_Ui/generated/widgets_init.c:437:6:lv_MainScreen_spinboxKVORate_decrement_event_cb	24	static
../Core/Src/Lvgl_Ui/generated/widgets_init.c:444:6:lv_MainScreen_spinboxIntermittentInfusionRate_increment_event_cb	24	static
../Core/Src/Lvgl_Ui/generated/widgets_init.c:451:6:lv_MainScreen_spinboxIntermittentInfusionRate_decrement_event_cb	24	static
../Core/Src/Lvgl_Ui/generated/widgets_init.c:458:6:lv_MainScreen_spinboxIntermittentDurationHour_increment_event_cb	24	static
../Core/Src/Lvgl_Ui/generated/widgets_init.c:465:6:lv_MainScreen_spinboxIntermittentDurationHour_decrement_event_cb	24	static
../Core/Src/Lvgl_Ui/generated/widgets_init.c:472:6:lv_MainScreen_spinboxIntermittentDurationMinute_increment_event_cb	24	static
../Core/Src/Lvgl_Ui/generated/widgets_init.c:479:6:lv_MainScreen_spinboxIntermittentDurationMinute_decrement_event_cb	24	static
../Core/Src/Lvgl_Ui/generated/widgets_init.c:486:6:lv_MainScreen_spinboxIntermittentDurationSecond_increment_event_cb	24	static
../Core/Src/Lvgl_Ui/generated/widgets_init.c:493:6:lv_MainScreen_spinboxIntermittentDurationSecond_decrement_event_cb	24	static
../Core/Src/Lvgl_Ui/generated/widgets_init.c:500:6:lv_MainScreen_spinboxIntermittentBackgroundRate_increment_event_cb	24	static
../Core/Src/Lvgl_Ui/generated/widgets_init.c:507:6:lv_MainScreen_spinboxIntermittentBackgroundRate_decrement_event_cb	24	static
../Core/Src/Lvgl_Ui/generated/widgets_init.c:514:6:lv_MainScreen_spinboxIntermittentSleepHour_increment_event_cb	24	static
../Core/Src/Lvgl_Ui/generated/widgets_init.c:521:6:lv_MainScreen_spinboxIntermittentSleepHour_decrement_event_cb	24	static
../Core/Src/Lvgl_Ui/generated/widgets_init.c:528:6:lv_MainScreen_spinboxIntermittentSleepMinute_increment_event_cb	24	static
../Core/Src/Lvgl_Ui/generated/widgets_init.c:535:6:lv_MainScreen_spinboxIntermittentSleepMinute_decrement_event_cb	24	static
../Core/Src/Lvgl_Ui/generated/widgets_init.c:542:6:lv_MainScreen_spinboxIntermittentSleepSecond_increment_event_cb	24	static
../Core/Src/Lvgl_Ui/generated/widgets_init.c:549:6:lv_MainScreen_spinboxIntermittentSleepSecond_decrement_event_cb	24	static
