E:/Designs/Javad_works/SyringePump/Firmware/SyringePumpUi_EVB/LVGL/lvgl/src/hal/../draw/../misc/lv_color.h:595:26:lv_color_make	16	static
E:/Designs/Javad_works/SyringePump/Firmware/SyringePumpUi_EVB/LVGL/lvgl/src/hal/../draw/../misc/lv_color.h:600:26:lv_color_hex	24	static
E:/Designs/Javad_works/SyringePump/Firmware/SyringePumpUi_EVB/LVGL/lvgl/src/hal/../draw/../misc/lv_color.h:696:26:lv_color_white	8	static
E:/Designs/Javad_works/SyringePump/Firmware/SyringePumpUi_EVB/LVGL/lvgl/src/hal/../draw/../misc/lv_color.h:700:26:lv_color_black	8	static
E:/Designs/Javad_works/SyringePump/Firmware/SyringePumpUi_EVB/LVGL/lvgl/src/widgets/lv_slider.h:84:20:lv_slider_set_value	24	static
../Core/Src/Lvgl_Ui/custom/custom.c:67:6:LoadDefaults	8	static
../Core/Src/Lvgl_Ui/custom/custom.c:74:6:custom_init	16	static
../Core/Src/Lvgl_Ui/custom/custom.c:78:6:setStyleEdittableObj	16	static
../Core/Src/Lvgl_Ui/custom/custom.c:121:6:MainScreenSetStyle	24	static
../Core/Src/Lvgl_Ui/custom/custom.c:162:6:setcontMenuGroup	40	static
../Core/Src/Lvgl_Ui/custom/custom.c:202:6:setcontMainGroup	24	static
../Core/Src/Lvgl_Ui/custom/custom.c:211:6:setlistSyringeCompanyGroup	40	static
../Core/Src/Lvgl_Ui/custom/custom.c:247:6:setlistSyringeTypeGroup	32	static
../Core/Src/Lvgl_Ui/custom/custom.c:283:6:setcontSyringeValuesGroup	24	static
../Core/Src/Lvgl_Ui/custom/custom.c:317:6:setlistDrugBrandGroup	40	static
../Core/Src/Lvgl_Ui/custom/custom.c:353:6:setcontDrugValuesGroup	24	static
../Core/Src/Lvgl_Ui/custom/custom.c:388:6:setlistModeModeGroup	40	static
../Core/Src/Lvgl_Ui/custom/custom.c:424:6:setlistModeUnitGroup	32	static
../Core/Src/Lvgl_Ui/custom/custom.c:460:6:setcontModeValuesGroup	24	static
../Core/Src/Lvgl_Ui/custom/custom.c:513:6:setbarOcclusionOccGroup	24	static
../Core/Src/Lvgl_Ui/custom/custom.c:539:6:setKVOModeGroup	24	static
../Core/Src/Lvgl_Ui/custom/custom.c:567:6:setIntermittentGroup	24	static
../Core/Src/Lvgl_Ui/custom/custom.c:603:6:updateMain	56	static
../Core/Src/Lvgl_Ui/custom/custom.c:644:6:updateSyringeCompanyList	24	static
../Core/Src/Lvgl_Ui/custom/custom.c:656:6:updateSyringeTypeList	24	static
../Core/Src/Lvgl_Ui/custom/custom.c:667:6:updateSyringeValues	24	static
../Core/Src/Lvgl_Ui/custom/custom.c:678:6:updateDrugList	24	static
../Core/Src/Lvgl_Ui/custom/custom.c:690:6:updateDrugValues	16	static
../Core/Src/Lvgl_Ui/custom/custom.c:703:6:updateModeModeList	24	static
../Core/Src/Lvgl_Ui/custom/custom.c:712:6:updateModeUnitList	32	static
../Core/Src/Lvgl_Ui/custom/custom.c:757:6:updateModeValues	64	static
../Core/Src/Lvgl_Ui/custom/custom.c:841:6:updateOcclusionValues	16	static
../Core/Src/Lvgl_Ui/custom/custom.c:845:6:updateKVOModeValues	16	static
../Core/Src/Lvgl_Ui/custom/custom.c:879:6:updateIntermittentValues	24	static
../Core/Src/Lvgl_Ui/custom/custom.c:898:6:animcontMain_ready_callback	16	static
../Core/Src/Lvgl_Ui/custom/custom.c:903:6:animcontMenu_ready_callback	16	static
../Core/Src/Lvgl_Ui/custom/custom.c:907:6:animcontSyringe_ready_callback	16	static
../Core/Src/Lvgl_Ui/custom/custom.c:912:6:animcontDrug_ready_callback	16	static
../Core/Src/Lvgl_Ui/custom/custom.c:917:6:animcontMode_ready_callback	16	static
../Core/Src/Lvgl_Ui/custom/custom.c:923:6:animcontOcclusion_ready_callback	16	static
../Core/Src/Lvgl_Ui/custom/custom.c:929:6:animcontKVO_ready_callback	16	static
../Core/Src/Lvgl_Ui/custom/custom.c:935:6:animcontIntermittent_ready_callback	16	static
