E:/Workspace/SyringePump/Firmware/SyringePumpUi_EVB/LVGL/lvgl/src/hal/../draw/../misc/lv_color.h:595:26:lv_color_make	16	static
E:/Workspace/SyringePump/Firmware/SyringePumpUi_EVB/LVGL/lvgl/src/hal/../draw/../misc/lv_color.h:600:26:lv_color_hex	24	static
E:/Workspace/SyringePump/Firmware/SyringePumpUi_EVB/LVGL/lvgl/src/hal/../draw/../misc/lv_color.h:696:26:lv_color_white	8	static
E:/Workspace/SyringePump/Firmware/SyringePumpUi_EVB/LVGL/lvgl/src/hal/../draw/../misc/lv_color.h:700:26:lv_color_black	8	static
E:/Workspace/SyringePump/Firmware/SyringePumpUi_EVB/LVGL/lvgl/src/widgets/lv_slider.h:84:20:lv_slider_set_value	24	static
../Core/Src/Lvgl_Ui/custom/custom.c:67:5:randi	16	static
../Core/Src/Lvgl_Ui/custom/custom.c:72:6:LoadDefaults	8	static
../Core/Src/Lvgl_Ui/custom/custom.c:79:6:custom_init	16	static
../Core/Src/Lvgl_Ui/custom/custom.c:83:6:setStyleEdittableObj	16	static
../Core/Src/Lvgl_Ui/custom/custom.c:126:6:MainScreenSetStyle	24	static
../Core/Src/Lvgl_Ui/custom/custom.c:167:6:setcontMenuGroup	40	static
../Core/Src/Lvgl_Ui/custom/custom.c:207:6:setcontMainGroup	24	static
../Core/Src/Lvgl_Ui/custom/custom.c:216:6:setlistSyringeCompanyGroup	40	static
../Core/Src/Lvgl_Ui/custom/custom.c:252:6:setlistSyringeTypeGroup	32	static
../Core/Src/Lvgl_Ui/custom/custom.c:288:6:setcontSyringeValuesGroup	24	static
../Core/Src/Lvgl_Ui/custom/custom.c:322:6:setlistDrugBrandGroup	40	static
../Core/Src/Lvgl_Ui/custom/custom.c:358:6:setcontDrugValuesGroup	24	static
../Core/Src/Lvgl_Ui/custom/custom.c:393:6:setlistModeModeGroup	40	static
../Core/Src/Lvgl_Ui/custom/custom.c:429:6:setlistModeUnitGroup	32	static
../Core/Src/Lvgl_Ui/custom/custom.c:465:6:setcontModeValuesGroup	24	static
../Core/Src/Lvgl_Ui/custom/custom.c:519:6:setbarOcclusionOccGroup	24	static
../Core/Src/Lvgl_Ui/custom/custom.c:545:6:setKVOModeGroup	24	static
../Core/Src/Lvgl_Ui/custom/custom.c:573:6:setIntermittentGroup	24	static
../Core/Src/Lvgl_Ui/custom/custom.c:609:6:updateMain	56	static
../Core/Src/Lvgl_Ui/custom/custom.c:650:6:updateSyringeCompanyList	24	static
../Core/Src/Lvgl_Ui/custom/custom.c:662:6:updateSyringeTypeList	24	static
../Core/Src/Lvgl_Ui/custom/custom.c:673:6:updateSyringeValues	24	static
../Core/Src/Lvgl_Ui/custom/custom.c:684:6:updateDrugList	24	static
../Core/Src/Lvgl_Ui/custom/custom.c:696:6:updateDrugValues	16	static
../Core/Src/Lvgl_Ui/custom/custom.c:709:6:updateModeModeList	24	static
../Core/Src/Lvgl_Ui/custom/custom.c:718:6:updateModeUnitList	32	static
../Core/Src/Lvgl_Ui/custom/custom.c:763:6:updateModeValues	64	static
../Core/Src/Lvgl_Ui/custom/custom.c:847:6:updateOcclusionValues	16	static
../Core/Src/Lvgl_Ui/custom/custom.c:851:6:updateKVOModeValues	16	static
../Core/Src/Lvgl_Ui/custom/custom.c:885:6:updateIntermittentValues	24	static
../Core/Src/Lvgl_Ui/custom/custom.c:904:6:animcontMain_ready_callback	16	static
../Core/Src/Lvgl_Ui/custom/custom.c:909:6:animcontMenu_ready_callback	16	static
../Core/Src/Lvgl_Ui/custom/custom.c:913:6:animcontSyringe_ready_callback	16	static
../Core/Src/Lvgl_Ui/custom/custom.c:917:6:animcontDrug_ready_callback	16	static
../Core/Src/Lvgl_Ui/custom/custom.c:921:6:animcontMode_ready_callback	16	static
../Core/Src/Lvgl_Ui/custom/custom.c:925:6:animcontOcclusion_ready_callback	16	static
../Core/Src/Lvgl_Ui/custom/custom.c:929:6:animcontKVO_ready_callback	16	static
../Core/Src/Lvgl_Ui/custom/custom.c:933:6:animcontIntermittent_ready_callback	16	static
