E:/Designs/Javad_works/SyringePump/Firmware/SyringePumpUi_EVB/LVGL/lvgl/src/hal/../draw/../misc/lv_color.h:595:26:lv_color_make	16	static
E:/Designs/Javad_works/SyringePump/Firmware/SyringePumpUi_EVB/LVGL/lvgl/src/hal/../draw/../misc/lv_color.h:600:26:lv_color_hex	24	static
E:/Designs/Javad_works/SyringePump/Firmware/SyringePumpUi_EVB/LVGL/lvgl/src/hal/../draw/../misc/lv_color.h:696:26:lv_color_white	8	static
E:/Designs/Javad_works/SyringePump/Firmware/SyringePumpUi_EVB/LVGL/lvgl/src/hal/../draw/../misc/lv_color.h:700:26:lv_color_black	8	static
E:/Designs/Javad_works/SyringePump/Firmware/SyringePumpUi_EVB/LVGL/lvgl/src/widgets/lv_slider.h:84:20:lv_slider_set_value	24	static
../Core/Src/Lvgl_Ui/custom/custom.c:67:5:randi	16	static
../Core/Src/Lvgl_Ui/custom/custom.c:71:6:LoadDefaults	8	static
../Core/Src/Lvgl_Ui/custom/custom.c:78:6:custom_init	16	static
../Core/Src/Lvgl_Ui/custom/custom.c:82:6:setStyleEdittableObj	16	static
../Core/Src/Lvgl_Ui/custom/custom.c:125:6:MainScreenSetStyle	24	static
../Core/Src/Lvgl_Ui/custom/custom.c:166:6:setcontMenuGroup	40	static
../Core/Src/Lvgl_Ui/custom/custom.c:206:6:setcontMainGroup	24	static
../Core/Src/Lvgl_Ui/custom/custom.c:215:6:setlistSyringeCompanyGroup	40	static
../Core/Src/Lvgl_Ui/custom/custom.c:251:6:setlistSyringeTypeGroup	32	static
../Core/Src/Lvgl_Ui/custom/custom.c:287:6:setcontSyringeValuesGroup	24	static
../Core/Src/Lvgl_Ui/custom/custom.c:321:6:setlistDrugBrandGroup	40	static
../Core/Src/Lvgl_Ui/custom/custom.c:357:6:setcontDrugValuesGroup	24	static
../Core/Src/Lvgl_Ui/custom/custom.c:392:6:setlistModeModeGroup	40	static
../Core/Src/Lvgl_Ui/custom/custom.c:428:6:setlistModeUnitGroup	32	static
../Core/Src/Lvgl_Ui/custom/custom.c:464:6:setcontModeValuesGroup	24	static
../Core/Src/Lvgl_Ui/custom/custom.c:518:6:setbarOcclusionOccGroup	24	static
../Core/Src/Lvgl_Ui/custom/custom.c:544:6:setKVOModeGroup	24	static
../Core/Src/Lvgl_Ui/custom/custom.c:572:6:setIntermittentGroup	24	static
../Core/Src/Lvgl_Ui/custom/custom.c:608:6:updateMain	56	static
../Core/Src/Lvgl_Ui/custom/custom.c:649:6:updateSyringeCompanyList	24	static
../Core/Src/Lvgl_Ui/custom/custom.c:661:6:updateSyringeTypeList	24	static
../Core/Src/Lvgl_Ui/custom/custom.c:672:6:updateSyringeValues	24	static
../Core/Src/Lvgl_Ui/custom/custom.c:683:6:updateDrugList	24	static
../Core/Src/Lvgl_Ui/custom/custom.c:695:6:updateDrugValues	16	static
../Core/Src/Lvgl_Ui/custom/custom.c:708:6:updateModeModeList	24	static
../Core/Src/Lvgl_Ui/custom/custom.c:717:6:updateModeUnitList	32	static
../Core/Src/Lvgl_Ui/custom/custom.c:762:6:updateModeValues	64	static
../Core/Src/Lvgl_Ui/custom/custom.c:846:6:updateOcclusionValues	16	static
../Core/Src/Lvgl_Ui/custom/custom.c:850:6:updateKVOModeValues	16	static
../Core/Src/Lvgl_Ui/custom/custom.c:884:6:updateIntermittentValues	24	static
../Core/Src/Lvgl_Ui/custom/custom.c:903:6:animcontMain_ready_callback	16	static
../Core/Src/Lvgl_Ui/custom/custom.c:908:6:animcontMenu_ready_callback	16	static
../Core/Src/Lvgl_Ui/custom/custom.c:912:6:animcontSyringe_ready_callback	16	static
../Core/Src/Lvgl_Ui/custom/custom.c:916:6:animcontDrug_ready_callback	16	static
../Core/Src/Lvgl_Ui/custom/custom.c:920:6:animcontMode_ready_callback	16	static
../Core/Src/Lvgl_Ui/custom/custom.c:924:6:animcontOcclusion_ready_callback	16	static
../Core/Src/Lvgl_Ui/custom/custom.c:928:6:animcontKVO_ready_callback	16	static
../Core/Src/Lvgl_Ui/custom/custom.c:932:6:animcontIntermittent_ready_callback	16	static
