../Core/Src/W25Q256FV_QSPI.c:12:9:W25Q256FV_QSPI_Init	16	static
../Core/Src/W25Q256FV_QSPI.c:59:9:W25Q256FV_QSPI_DeInit	16	static
../Core/Src/W25Q256FV_QSPI.c:77:9:W25Q256FV_QSPI_Read	160	static
../Core/Src/W25Q256FV_QSPI.c:125:9:W25Q256FV_QSPI_Write	96	static
../Core/Src/W25Q256FV_QSPI.c:206:9:W25Q256FV_QSPI_EraseSector	80	static
../Core/Src/W25Q256FV_QSPI.c:261:9:W25Q256FV_QSPI_EraseBlock	80	static
../Core/Src/W25Q256FV_QSPI.c:314:9:W25Q256FV_QSPI_Erase_Chip	72	static
../Core/Src/W25Q256FV_QSPI.c:355:9:W25Q256FV_QSPI_GetStatus	80	static
../Core/Src/W25Q256FV_QSPI.c:408:9:W25Q256FV_QSPI_GetInfo	16	static
../Core/Src/W25Q256FV_QSPI.c:424:9:W25Q256FV_QSPI_EnableMemoryMappedMode	80	static
../Core/Src/W25Q256FV_QSPI.c:461:9:W25Q256FV_QSPI_ResetMemory	72	static
../Core/Src/W25Q256FV_QSPI.c:503:9:W25Q256FV_QSPI_EnterFourBytesAddress	72	static
../Core/Src/W25Q256FV_QSPI.c:544:9:W25Q256FV_QSPI_DummyCyclesCfg	88	static,ignoring_inline_asm
../Core/Src/W25Q256FV_QSPI.c:603:9:W25Q256FV_QSPI_WriteEnable	96	static
../Core/Src/W25Q256FV_QSPI.c:649:9:W25Q256FV_QSPI_AutoPollingMemReady	96	static
../Core/Src/W25Q256FV_QSPI.c:683:9:W25Q256FV_QSPI_EnableQspi	80	static
../Core/Src/W25Q256FV_QSPI.c:721:9:W25Q256FV_QSPI_IsEnabled	80	static
../Core/Src/W25Q256FV_QSPI.c:766:9:W25Q256FV_QSPI_ReadStatusREG	80	static
../Core/Src/W25Q256FV_QSPI.c:816:9:W25Q256FV_QSPI_WriteStatusREG	72	static
../Core/Src/W25Q256FV_QSPI.c:864:9:W25Q256FV_QSPI_WriteDefaultStatusREGs	24	static
../Core/Src/W25Q256FV_QSPI.c:881:13:W25Q256FV_QSPI_WaitForWriteEnable	24	static
../Core/Src/W25Q256FV_QSPI.c:893:13:W25Q256FV_QSPI_WaitForBusy	24	static
