../Core/Src/stm32h7xx_it.c:76:6:NMI_Handler	4	static
../Core/Src/stm32h7xx_it.c:91:6:HardFault_Handler	4	static
../Core/Src/stm32h7xx_it.c:106:6:MemManage_Handler	4	static
../Core/Src/stm32h7xx_it.c:121:6:BusFault_Handler	4	static
../Core/Src/stm32h7xx_it.c:136:6:UsageFault_Handler	4	static
../Core/Src/stm32h7xx_it.c:151:6:SVC_Handler	4	static
../Core/Src/stm32h7xx_it.c:164:6:DebugMon_Handler	4	static
../Core/Src/stm32h7xx_it.c:177:6:PendSV_Handler	4	static
../Core/Src/stm32h7xx_it.c:190:6:SysTick_Handler	8	static
../Core/Src/stm32h7xx_it.c:211:6:DMA1_Stream0_IRQHandler	8	static
../Core/Src/stm32h7xx_it.c:225:6:DMA1_Stream1_IRQHandler	8	static
../Core/Src/stm32h7xx_it.c:239:6:TIM4_IRQHandler	8	static
../Core/Src/stm32h7xx_it.c:253:6:I2C2_EV_IRQHandler	8	static
../Core/Src/stm32h7xx_it.c:267:6:I2C2_ER_IRQHandler	8	static
../Core/Src/stm32h7xx_it.c:281:6:LTDC_IRQHandler	8	static
../Core/Src/stm32h7xx_it.c:295:6:LTDC_ER_IRQHandler	8	static
../Core/Src/stm32h7xx_it.c:309:6:DMA2D_IRQHandler	8	static
