../LVGL/lvgl/examples/others/snapshot/../../../src/hal/../draw/../misc/lv_color.h:594:26:lv_color_make	16	static
../LVGL/lvgl/examples/others/snapshot/../../../src/hal/../draw/../misc/lv_color.h:699:26:lv_color_black	8	static
../LVGL/lvgl/examples/others/snapshot/../../../src/hal/../draw/sw/../../core/lv_obj_pos.h:199:20:lv_obj_center	16	static
../LVGL/lvgl/examples/others/snapshot/../../../src/core/lv_disp.h:182:26:lv_scr_act	8	static
../LVGL/lvgl/examples/others/snapshot/lv_example_snapshot_1.c:4:13:event_cb	32	static
../LVGL/lvgl/examples/others/snapshot/lv_example_snapshot_1.c:23:6:lv_example_snapshot_1	32	static
