../LVGL/lvgl/examples/widgets/label/../../../src/hal/../draw/../misc/lv_color.h:595:26:lv_color_make	16	static
../LVGL/lvgl/examples/widgets/label/../../../src/hal/../draw/../misc/lv_color.h:600:26:lv_color_hex	24	static
../LVGL/lvgl/examples/widgets/label/../../../src/hal/../draw/../misc/lv_color.h:696:26:lv_color_white	8	static
../LVGL/lvgl/examples/widgets/label/../../../src/hal/../draw/../misc/lv_color.h:700:26:lv_color_black	8	static
../LVGL/lvgl/examples/widgets/label/../../../src/hal/../draw/sw/../../core/lv_obj_pos.h:199:20:lv_obj_center	16	static
../LVGL/lvgl/examples/widgets/label/../../../src/core/lv_disp.h:182:26:lv_scr_act	8	static
../LVGL/lvgl/examples/widgets/label/lv_example_label_4.c:7:13:add_mask_event_cb	32	static
../LVGL/lvgl/examples/widgets/label/lv_example_label_4.c:32:6:lv_example_label_4	56	static
