../LVGL/lvgl/examples/widgets/imgbtn/../../../src/hal/../draw/../misc/lv_color.h:595:26:lv_color_make	16	static
../LVGL/lvgl/examples/widgets/imgbtn/../../../src/hal/../draw/../misc/lv_color.h:696:26:lv_color_white	8	static
../LVGL/lvgl/examples/widgets/imgbtn/../../../src/hal/../draw/../misc/lv_color.h:700:26:lv_color_black	8	static
../LVGL/lvgl/examples/widgets/imgbtn/../../../src/core/lv_disp.h:182:26:lv_scr_act	8	static
../LVGL/lvgl/examples/widgets/imgbtn/lv_example_imgbtn_1.c:4:6:lv_example_imgbtn_1	24	static
